// Jest Snapshot v1, https://goo.gl/fbAQLP

exports[`Testing detail testing click interaction 1`] = `
<p>
  Cryptocurrency
</p>
`;
